Select a branch
> type to filter                           
  ├─ feat/api  #12 open · 3h ago
* │  └─ feat/ui  #13 draft · 2d ago
  │     └─ feat/ui-tests  needs restack · 1w ago
  └─ fix/typo  #3 merged · 1mo ago · in /tmp/wt
  release
  └─ hotfix  #7 closed
  7/8
↑/↓ or j/k move · type to filter · enter switch · esc cancel